{
  "version": "1.5.0",
  "plugins_used": [
    {
      "name": "ArtifactoryDetector"
    },
    {
      "name": "AWSKeyDetector"
    },
    {
      "name": "AzureStorageKeyDetector"
    },
    {
      "name": "Base64HighEntropyString",
      "limit": 4.5
    },
    {
      "name": "BasicAuthDetector"
    },
    {
      "name": "CloudantDetector"
    },
    {
      "name": "DiscordBotTokenDetector"
    },
    {
      "name": "GitHubTokenDetector"
    },
    {
      "name": "GitLabTokenDetector"
    },
    {
      "name": "HexHighEntropyString",
      "limit": 3.0
    },
    {
      "name": "IbmCloudIamDetector"
    },
    {
      "name": "IbmCosHmacDetector"
    },
    {
      "name": "IPPublicDetector"
    },
    {
      "name": "JwtTokenDetector"
    },
    {
      "name": "KeywordDetector",
      "keyword_exclude": ""
    },
    {
      "name": "MailchimpDetector"
    },
    {
      "name": "NpmDetector"
    },
    {
      "name": "OpenAIDetector"
    },
    {
      "name": "PrivateKeyDetector"
    },
    {
      "name": "PypiTokenDetector"
    },
    {
      "name": "SendGridDetector"
    },
    {
      "name": "SlackDetector"
    },
    {
      "name": "SoftlayerDetector"
    },
    {
      "name": "SquareOAuthDetector"
    },
    {
      "name": "StripeDetector"
    },
    {
      "name": "TelegramBotTokenDetector"
    },
    {
      "name": "TwilioKeyDetector"
    }
  ],
  "filters_used": [
    {
      "path": "detect_secrets.filters.allowlist.is_line_allowlisted"
    },
    {
      "path": "detect_secrets.filters.common.is_baseline_file",
      "filename": ".secrets.baseline"
    },
    {
      "path": "detect_secrets.filters.common.is_ignored_due_to_verification_policies",
      "min_level": 2
    },
    {
      "path": "detect_secrets.filters.heuristic.is_indirect_reference"
    },
    {
      "path": "detect_secrets.filters.heuristic.is_likely_id_string"
    },
    {
      "path": "detect_secrets.filters.heuristic.is_lock_file"
    },
    {
      "path": "detect_secrets.filters.heuristic.is_not_alphanumeric_string"
    },
    {
      "path": "detect_secrets.filters.heuristic.is_potential_uuid"
    },
    {
      "path": "detect_secrets.filters.heuristic.is_prefixed_with_dollar_sign"
    },
    {
      "path": "detect_secrets.filters.heuristic.is_sequential_string"
    },
    {
      "path": "detect_secrets.filters.heuristic.is_swagger_file"
    },
    {
      "path": "detect_secrets.filters.heuristic.is_templated_secret"
    },
    {
      "path": "detect_secrets.filters.regex.should_exclude_file",
      "pattern": [
        "^\\.secrets\\.baseline$"
      ]
    }
  ],
  "results": {
    ".github/workflows/platform-backend-ci.yml": [
      {
        "type": "Secret Keyword",
        "filename": ".github/workflows/platform-backend-ci.yml",
        "hashed_secret": "afc848c316af1a89d49826c5ae9d00ed769415f3",
        "is_verified": false,
        "line_number": 21
      },
      {
        "type": "Basic Auth Credentials",
        "filename": ".github/workflows/platform-backend-ci.yml",
        "hashed_secret": "afc848c316af1a89d49826c5ae9d00ed769415f3",
        "is_verified": false,
        "line_number": 29
      }
    ],
    "platform-backend/README.md": [
      {
        "type": "Secret Keyword",
        "filename": "platform-backend/README.md",
        "hashed_secret": "d3932db100ce4e5b1fd72f0bac40c700a5f510bd",
        "is_verified": false,
        "line_number": 72
      },
      {
        "type": "Secret Keyword",
        "filename": "platform-backend/README.md",
        "hashed_secret": "f0cc9f09a0ced541ce2f9519014ad2e483046ff7",
        "is_verified": false,
        "line_number": 87
      }
    ],
    "platform-backend/litellm/config.yaml": [
      {
        "type": "Secret Keyword",
        "filename": "platform-backend/litellm/config.yaml",
        "hashed_secret": "362f2ca8636c6167b20713f5bcd632d2b20699d7",
        "is_verified": false,
        "line_number": 22
      },
      {
        "type": "Secret Keyword",
        "filename": "platform-backend/litellm/config.yaml",
        "hashed_secret": "07db03b4eef371b55ee656a334d69857b58a09da",
        "is_verified": false,
        "line_number": 37
      },
      {
        "type": "Secret Keyword",
        "filename": "platform-backend/litellm/config.yaml",
        "hashed_secret": "02a6758222c5b7d42b78c632e49943585c2badd7",
        "is_verified": false,
        "line_number": 53
      }
    ],
    "platform-backend/ops/loadtest.py": [
      {
        "type": "Secret Keyword",
        "filename": "platform-backend/ops/loadtest.py",
        "hashed_secret": "ef0f6b25a44fcd2ad556fea2175f7ba50d7ed053",
        "is_verified": false,
        "line_number": 44
      }
    ],
    "platform-backend/tests/conftest.py": [
      {
        "type": "Basic Auth Credentials",
        "filename": "platform-backend/tests/conftest.py",
        "hashed_secret": "8ccf3ed424dbdf9cf7c2909c6977b8c5517bc8fc",
        "is_verified": false,
        "line_number": 88
      },
      {
        "type": "Secret Keyword",
        "filename": "platform-backend/tests/conftest.py",
        "hashed_secret": "759b665c40554fa3ac015d323aeea84a104ef1e4",
        "is_verified": false,
        "line_number": 92
      },
      {
        "type": "Secret Keyword",
        "filename": "platform-backend/tests/conftest.py",
        "hashed_secret": "5db3def23ad02d78a1ae89c638245752e4bf1746",
        "is_verified": false,
        "line_number": 93
      },
      {
        "type": "Secret Keyword",
        "filename": "platform-backend/tests/conftest.py",
        "hashed_secret": "8a1ab2f33929863039f30004bd237ae13d1055b0",
        "is_verified": false,
        "line_number": 139
      }
    ],
    "platform-backend/tests/test_account_claim_integration.py": [
      {
        "type": "Secret Keyword",
        "filename": "platform-backend/tests/test_account_claim_integration.py",
        "hashed_secret": "5db3def23ad02d78a1ae89c638245752e4bf1746",
        "is_verified": false,
        "line_number": 36
      },
      {
        "type": "Secret Keyword",
        "filename": "platform-backend/tests/test_account_claim_integration.py",
        "hashed_secret": "9f3e4b6a01987e4ed736ec0407a2a203dfdd833d",
        "is_verified": false,
        "line_number": 119
      },
      {
        "type": "Secret Keyword",
        "filename": "platform-backend/tests/test_account_claim_integration.py",
        "hashed_secret": "7c01dc0f495f827cdad4232bf7d368ce96dd0cbd",
        "is_verified": false,
        "line_number": 146
      },
      {
        "type": "Secret Keyword",
        "filename": "platform-backend/tests/test_account_claim_integration.py",
        "hashed_secret": "a0197490c40af71fd1b45bd40ab0b8eabdd88b43",
        "is_verified": false,
        "line_number": 178
      }
    ],
    "platform-backend/tests/test_auth_integration.py": [
      {
        "type": "Secret Keyword",
        "filename": "platform-backend/tests/test_auth_integration.py",
        "hashed_secret": "37c339c007796737db6416e2f409d4e0080ad172",
        "is_verified": false,
        "line_number": 36
      },
      {
        "type": "Secret Keyword",
        "filename": "platform-backend/tests/test_auth_integration.py",
        "hashed_secret": "36cb589f74157b45811a690c58b434095f48e9fa",
        "is_verified": false,
        "line_number": 68
      },
      {
        "type": "Secret Keyword",
        "filename": "platform-backend/tests/test_auth_integration.py",
        "hashed_secret": "600ad0abf7250176583e551bcd55227a633cb3b3",
        "is_verified": false,
        "line_number": 79
      },
      {
        "type": "Secret Keyword",
        "filename": "platform-backend/tests/test_auth_integration.py",
        "hashed_secret": "1c9e4d0d9b5045f69ab72e9fa07ac5ab0b497260",
        "is_verified": false,
        "line_number": 82
      },
      {
        "type": "Secret Keyword",
        "filename": "platform-backend/tests/test_auth_integration.py",
        "hashed_secret": "079ad0bb90b10f6a639caa25414fdf9f62278302",
        "is_verified": false,
        "line_number": 98
      },
      {
        "type": "Secret Keyword",
        "filename": "platform-backend/tests/test_auth_integration.py",
        "hashed_secret": "a0f4ea7d91495df92bbac2e2149dfb850fe81396",
        "is_verified": false,
        "line_number": 106
      },
      {
        "type": "Secret Keyword",
        "filename": "platform-backend/tests/test_auth_integration.py",
        "hashed_secret": "a83b3e00ef9283528986a7f2d03c2fc45d256cba",
        "is_verified": false,
        "line_number": 152
      },
      {
        "type": "Secret Keyword",
        "filename": "platform-backend/tests/test_auth_integration.py",
        "hashed_secret": "a4b48a81cdab1e1a5dd37907d6c85ca1c61ddc7c",
        "is_verified": false,
        "line_number": 158
      }
    ],
    "platform-backend/tests/test_billing_integration.py": [
      {
        "type": "Secret Keyword",
        "filename": "platform-backend/tests/test_billing_integration.py",
        "hashed_secret": "5db3def23ad02d78a1ae89c638245752e4bf1746",
        "is_verified": false,
        "line_number": 21
      }
    ],
    "platform-backend/tests/test_billing_unit.py": [
      {
        "type": "Secret Keyword",
        "filename": "platform-backend/tests/test_billing_unit.py",
        "hashed_secret": "9a96da06a7d5819c1ba73b62593e15dbb0ac785e",
        "is_verified": false,
        "line_number": 13
      }
    ],
    "platform-backend/tests/test_chat_streaming.py": [
      {
        "type": "Secret Keyword",
        "filename": "platform-backend/tests/test_chat_streaming.py",
        "hashed_secret": "3a16d512f901c7e61f85846ee19ac306a83e4b21",
        "is_verified": false,
        "line_number": 126
      }
    ],
    "platform-backend/tests/test_checkout_handoff.py": [
      {
        "type": "Secret Keyword",
        "filename": "platform-backend/tests/test_checkout_handoff.py",
        "hashed_secret": "5db3def23ad02d78a1ae89c638245752e4bf1746",
        "is_verified": false,
        "line_number": 23
      }
    ],
    "platform-backend/tests/test_rls_integration.py": [
      {
        "type": "Basic Auth Credentials",
        "filename": "platform-backend/tests/test_rls_integration.py",
        "hashed_secret": "8ccf3ed424dbdf9cf7c2909c6977b8c5517bc8fc",
        "is_verified": false,
        "line_number": 66
      }
    ],
    "platform-backend/tests/test_token_reservation.py": [
      {
        "type": "Secret Keyword",
        "filename": "platform-backend/tests/test_token_reservation.py",
        "hashed_secret": "d868f4ef265806f3e777e950709625d1f7c01245",
        "is_verified": false,
        "line_number": 31
      }
    ],
    "platform-backend/tests/test_webhooks.py": [
      {
        "type": "Secret Keyword",
        "filename": "platform-backend/tests/test_webhooks.py",
        "hashed_secret": "fef341f85d87439e7d91a2d465b9871ef66b5e98",
        "is_verified": false,
        "line_number": 21
      }
    ],
    "platform-backend/tests/test_webhooks_integration.py": [
      {
        "type": "Secret Keyword",
        "filename": "platform-backend/tests/test_webhooks_integration.py",
        "hashed_secret": "759b665c40554fa3ac015d323aeea84a104ef1e4",
        "is_verified": false,
        "line_number": 18
      }
    ]
  },
  "generated_at": "2026-07-27T12:36:27Z"
}
